// Jest Snapshot v1, https://goo.gl/fbAQLP

exports[`Pick tests should, render correctly while loading 1`] = `
<div>
  <div
    class="sc-bdfBwQ bWYwLj"
  >
    <div
      class="sc-hKgILt bcjFbu"
      data-testid="loading-icon"
    />
  </div>
  <div
    class="sc-dlfnbm sc-eCssSg VWpaN"
  >
    <button
      data-testid="pick-button"
    >
      Next
    </button>
  </div>
</div>
`;

exports[`Pick tests should, render correctly with imgs 1`] = `
<div>
  <div
    class="sc-bdfBwQ bWYwLj"
  >
    <img
      alt="http://mock_image/0.jpg"
      class="sc-gsTCUz jhoEbx"
      data-id="0"
      data-testid="galery-image"
      loading="lazy"
      src="http://mock_image/0.jpg"
    />
    <img
      alt="http://mock_image/1.jpg"
      class="sc-gsTCUz jhoEbx"
      data-id="1"
      data-testid="galery-image"
      loading="lazy"
      src="http://mock_image/1.jpg"
    />
    <img
      alt="http://mock_image/2.jpg"
      class="sc-gsTCUz jhoEbx"
      data-id="2"
      data-testid="galery-image"
      loading="lazy"
      src="http://mock_image/2.jpg"
    />
    <img
      alt="http://mock_image/3.jpg"
      class="sc-gsTCUz jhoEbx"
      data-id="3"
      data-testid="galery-image"
      loading="lazy"
      src="http://mock_image/3.jpg"
    />
    <img
      alt="http://mock_image/4.jpg"
      class="sc-gsTCUz jhoEbx"
      data-id="4"
      data-testid="galery-image"
      loading="lazy"
      src="http://mock_image/4.jpg"
    />
    <img
      alt="http://mock_image/5.jpg"
      class="sc-gsTCUz jhoEbx"
      data-id="5"
      data-testid="galery-image"
      loading="lazy"
      src="http://mock_image/5.jpg"
    />
  </div>
  <div
    class="sc-dlfnbm sc-eCssSg VWpaN"
  >
    <button
      data-testid="pick-button"
    >
      Next
    </button>
  </div>
</div>
`;
